app_info:
    name: test_project
    version: v0.0.1
    startup_duration: 10s
environment:
    - name: new_variable
      type: string
      value: new string value
